Microchip MPLAB XC8 Compiler V2.41

Linker command line:

-W-3 \
  --edf=/Applications/microchip/mplabx/v6.15/packs/Microchip/PIC18Fxxxx_DFP/1.4.151/xc8/pic/dat/20230323171731_en.msgs \
  -cn -h+dist/default/production/piee2.X.production.sym \
  --cmf=dist/default/production/piee2.X.production.cmf -z -Q18F4550 \
  -o/tmp/xc5y6AaHp/driver_tmp_3.o --defsym=__MPLAB_BUILD=1 \
  --fixupoverflow=error -Mdist/default/production/piee2.X.production.map \
  --md=/tmp/xc5y6AaHp/driver_tmp_0.dat -E1 -ver=XC8 Compiler --acfsm=1493 \
  -ACODE=00h-07FFFh -ACONST=00h-07FFFh -ASMALLCONST=0800h-08FFhx120 \
  -AMEDIUMCONST=0800h-07FFFh -ACOMRAM=01h-05Fh -AABS1=00h-07FFh \
  -ABIGRAM=01h-07FFh -ARAM=060h-0FFh,0100h-01FFhx7 -ABANK0=060h-0FFh \
  -ABANK1=0100h-01FFh -ABANK2=0200h-02FFh -ABANK3=0300h-03FFh \
  -ABANK4=0400h-04FFh -ABANK5=0500h-05FFh -ABANK6=0600h-06FFh \
  -ABANK7=0700h-07FFh -ASFR=0F60h-0FFFh -ABIGSFR=0F60h-0FFFh \
  -ACONFIG=0300000h-030000Dh -AIDLOC=0200000h-0200007h \
  -AEEDATA=0F00000h-0F000FFh -peeprom_data=EEDATA \
  -preset_vec=00h,intcode,intcodelo,powerup,init -pramtop=0800h \
  -psmallconst=SMALLCONST -pmediumconst=MEDIUMCONST -pconst=CONST \
  -AFARRAM=00h-00h \
  -prdata=COMRAM,nvrram=COMRAM,nvbit=COMRAM,rbss=COMRAM,rbit=COMRAM \
  -pfarbss=FARRAM,fardata=FARRAM,nvFARRAM=FARRAM \
  -pintsave_regs=BIGRAM,bigbss=BIGRAM,bigdata=BIGRAM -pbss=RAM \
  -pidata=CODE,irdata=CODE,ibigdata=CODE,ifardata=CODE -prparam=COMRAM \
  /tmp/xc5y6AaHp/driver_tmp_14.o \
  dist/default/production/piee2.X.production.o 

Object code version is 3.11

Machine type is 18F4550



                Name                               Link     Load   Length Selector   Space Scale
/tmp/xc5y6AaHp/driver_tmp_14.o
                config                           300000   300000        E        0       4
                init                                  0        0        4        0       0
dist/default/production/piee2.X.production.o
                config                           300000   300000        E        0       4
                smallconst                          800      800       38      400       0
                text26                             1380     1380       1A      41C       0
                text25                             1184     1184       4A      41C       0
                text24                             1138     1138       4C      41C       0
                text23                             13D6     13D6       14      41C       0
                text22                             12D2     12D2       30      41C       0
                text21                             10EC     10EC       4C      41C       0
                text20                              F9A      F9A       5E      41C       0
                text19                              E92      E92       8E      41C       0
                text18                             13C2     13C2       14      41C       0
                text17                             13AE     13AE       14      41C       0
                text16                             13EA     13EA       12      41C       0
                text15                             1298     1298       3A      41C       0
                text14                             135E     135E       22      41C       0
                text13                             1330     1330       2E      41C       0
                text12                             1302     1302       2E      41C       0
                text11                             139A     139A       14      41C       0
                text10                              FF8      FF8       5A      41C       0
                text9                              11CE     11CE       46      41C       0
                text8                              1404     1404        2      A02       0
                text7                               DC8      DC8       CA      41C       0
                text6                              1214     1214       44      41C       0
                text5                               F20      F20       7A      41C       0
                text4                               CAA      CAA      11E      41C       0
                text3                               B74      B74      136      41C       0
                text2                              1052     1052       4E      41C       0
                text1                              10A0     10A0       4C      41C       0
                text0                               838      838      33C      41C       0
                cstackCOMRAM                          1        1       58        1       1
                cstackBANK0                          60       60       45       60       1
                dataBANK0                            D3       D3        7       60       1
                bssBANK0                             A5       A5       2E       60       1
                bssCOMRAM                            59       59        5        1       1
                cinit                              1258     1258       40      41C       0
                idataBANK0                         13FC     13FC        7      41C       0

TOTAL           Name                               Link     Load   Length     Space
        CLASS   CODE           
                init                                  0        0        4         0
                text26                             1380     1380       1A         0
                text25                             1184     1184       4A         0
                text24                             1138     1138       4C         0
                text23                             13D6     13D6       14         0
                text22                             12D2     12D2       30         0
                text21                             10EC     10EC       4C         0
                text20                              F9A      F9A       5E         0
                text19                              E92      E92       8E         0
                text18                             13C2     13C2       14         0
                text17                             13AE     13AE       14         0
                text16                             13EA     13EA       12         0
                text15                             1298     1298       3A         0
                text14                             135E     135E       22         0
                text13                             1330     1330       2E         0
                text12                             1302     1302       2E         0
                text11                             139A     139A       14         0
                text10                              FF8      FF8       5A         0
                text9                              11CE     11CE       46         0
                text8                              1404     1404        2         0
                text7                               DC8      DC8       CA         0
                text6                              1214     1214       44         0
                text5                               F20      F20       7A         0
                text4                               CAA      CAA      11E         0
                text3                               B74      B74      136         0
                text2                              1052     1052       4E         0
                text1                              10A0     10A0       4C         0
                text0                               838      838      33C         0
                cinit                              1258     1258       40         0
                idataBANK0                         13FC     13FC        7         0

        CLASS   CONST          

        CLASS   SMALLCONST     
                smallconst                          800      800       38         0

        CLASS   MEDIUMCONST    

        CLASS   COMRAM         
                cstackCOMRAM                          1        1       58         1
                bssCOMRAM                            59       59        5         1

        CLASS   ABS1           

        CLASS   BIGRAM         

        CLASS   RAM            

        CLASS   BANK0          
                cstackBANK0                          60       60       45         1
                dataBANK0                            D3       D3        7         1
                bssBANK0                             A5       A5       2E         1

        CLASS   BANK1          

        CLASS   BANK2          

        CLASS   BANK3          

        CLASS   BANK4          

        CLASS   BANK5          

        CLASS   BANK6          

        CLASS   BANK7          

        CLASS   SFR            

        CLASS   BIGSFR         

        CLASS   CONFIG         
                config                           300000   300000        E         4

        CLASS   IDLOC          

        CLASS   EEDATA         

        CLASS   FARRAM         

        CLASS   HEAP           

        CLASS   STACK          



SEGMENTS        Name                           Load    Length   Top    Selector   Space  Class

                cstackBANK0                    000060  00007A  0000DA        60       1  BANK0   
                text0                          000838  000BCB  001403       41C       0  CODE    
                text8                          001404  000002  001406       A02       0  CODE    
                reset_vec                      000000  000004  000004         0       0  CODE    
                smallconst                     000800  000038  000838       400       0  SMALLCON
                cstackCOMRAM                   000001  00005D  00005E         1       1  COMRAM  


UNUSED ADDRESS RANGES

        Name                Unused          Largest block    Delta
        BANK0            0000DA-0000FF               26
        BANK1            000100-0001FF              100
        BANK2            000200-0002FF              100
        BANK3            000300-0003FF              100
        BANK4            000400-0004FF              100
        BANK5            000500-0005FF              100
        BANK6            000600-0006FF              100
        BANK7            000700-0007FF              100
        BIGRAM           00005E-00005F                2
                         0000DA-0007FF              726
        BIGSFR           000F60-000FFF               A0
        CODE             000004-0007FF              7FC
                         001403-001403                1
                         001406-007FFF             6BFA
        COMRAM           00005E-00005F                2
        CONST            000004-0007FF              7FC
                         001403-001403                1
                         001406-007FFF             6BFA
        EEDATA           F00000-F000FF              100
        IDLOC            200000-200007                8
        MEDIUMCONST      001403-001403                1
                         001406-007FFF             6BFA
        RAM              0000DA-0007FF              100
        SFR              000F60-000FFF               A0
        SMALLCONST       001403-001403                1
                         001406-007FFF              100

                                  Symbol Table

?_sprintf                               cstackCOMRAM 000042
?_vfprintf                              cstackCOMRAM 00003A
I2C_Read@buffer                         cstackCOMRAM 000002
I2C_Read@flag                           cstackCOMRAM 000001
I2C_Repeated_Start@slave_read_address   cstackCOMRAM 000002
I2C_Start@slave_write_address           cstackCOMRAM 000002
I2C_Write@data                          cstackCOMRAM 000001
LCD_Char@dat                            cstackCOMRAM 000008
LCD_Command@cmd                         cstackCOMRAM 000008
LCD_String@msg                          cstackCOMRAM 000009
LCD_String_xy@location                  cstackCOMRAM 00000F
LCD_String_xy@msg                       cstackCOMRAM 00000C
LCD_String_xy@pos                       cstackCOMRAM 00000B
LCD_String_xy@row                       cstackCOMRAM 00000E
MSdelay@i                               cstackCOMRAM 000003
MSdelay@j                               cstackCOMRAM 000005
MSdelay@val                             cstackCOMRAM 000001
RTC_Read_Calendar@read_calendar_address cstackCOMRAM 000004
RTC_Read_Clock@read_clock_address       cstackCOMRAM 000004
_ACKDT                                  (abs)        007E2D
_ACKEN                                  (abs)        007E2C
_ACKSTAT                                (abs)        007E2E
_Date                                   bssBANK0     0000A9
_Day                                    bssBANK0     0000AB
_I2C_Ack                                text18       0013C2
_I2C_Init                               text26       001380
_I2C_Nack                               text17       0013AE
_I2C_Read                               text15       001298
_I2C_Ready                              text16       0013EA
_I2C_Repeated_Start                     text13       001330
_I2C_Start                              text12       001302
_I2C_Stop                               text11       00139A
_I2C_Write                              text14       00135E
_LATB                                   (abs)        000F8A
_LATB2                                  (abs)        007C52
_LATB3                                  (abs)        007C53
_LCD_Char                               text21       0010EC
_LCD_Clear                              text23       0013D6
_LCD_Command                            text24       001138
_LCD_Init                               text22       0012D2
_LCD_String                             text20       000F9A
_LCD_String_xy                          text19       000E92
_MSdelay                                text25       001184
_Month                                  bssBANK0     0000A7
_OSCCON                                 (abs)        000FD3
_PEN                                    (abs)        007E2A
_RCEN                                   (abs)        007E2B
_RSEN                                   (abs)        007E29
_RTC_Read_Calendar                      text10       000FF8
_RTC_Read_Clock                         text9        0011CE
_SSPADD                                 (abs)        000FC8
_SSPBUF                                 (abs)        000FC9
_SSPCON1                                (abs)        000FC6
_SSPCON2                                (abs)        000FC5
_SSPCON2bits                            (abs)        000FC5
_SSPIE                                  (abs)        007CEB
_SSPIF                                  (abs)        007CF3
_SSPSTAT                                (abs)        000FC7
_SSPSTATbits                            (abs)        000FC7
_TRISB                                  (abs)        000F93
_TRISB0                                 (abs)        007C98
_TRISB1                                 (abs)        007C99
_Year                                   bssBANK0     0000A5
__HRAM                                  (abs)        000000
__H__absolute__                         __absolute__ 000000
__Habs1                                 abs1         000000
__Hbank0                                bank0        000000
__Hbank1                                bank1        000000
__Hbank2                                bank2        000000
__Hbank3                                bank3        000000
__Hbank4                                bank4        000000
__Hbank5                                bank5        000000
__Hbank6                                bank6        000000
__Hbank7                                bank7        000000
__Hbigbss                               bigbss       000000
__Hbigdata                              bigdata      000000
__Hbigram                               bigram       000000
__Hbigsfr                               bigsfr       000000
__Hbss                                  bss          000000
__HbssBANK0                             bssBANK0     000000
__HbssCOMRAM                            bssCOMRAM    000000
__Hcinit                                cinit        000000
__Hclrtext                              clrtext      000000
__Hcomram                               comram       000000
__Hconfig                               config       30000E
__Hconst                                const        000000
__HcstackBANK0                          cstackBANK0  000000
__HcstackCOMRAM                         cstackCOMRAM 000000
__Hdata                                 data         000000
__HdataBANK0                            dataBANK0    000000
__Heeprom_data                          eeprom_data  000000
__Hfarbss                               farbss       000000
__Hfardata                              fardata      000000
__Hheap                                 heap         000000
__Hibigdata                             ibigdata     000000
__Hidata                                idata        000000
__HidataBANK0                           idataBANK0   000000
__Hidloc                                idloc        000000
__Hifardata                             ifardata     000000
__Hinit                                 init         000004
__Hintcode                              intcode      000000
__Hintcode_body                         intcode_body 000000
__Hintcodelo                            intcodelo    000000
__Hintentry                             intentry     000000
__Hintret                               intret       000000
__Hintsave_regs                         intsave_regs 000000
__Hirdata                               irdata       000000
__Hmediumconst                          mediumconst  000000
__HnvFARRAM                             nvFARRAM     000000
__Hnvbit                                nvbit        000000
__Hnvrram                               nvrram       000000
__Hparam                                rparam       000000
__Hpowerup                              powerup      000000
__Hram                                  ram          000000
__Hramtop                               ramtop       000800
__Hrbit                                 rbit         000000
__Hrbss                                 rbss         000000
__Hrdata                                rdata        000000
__Hreset_vec                            reset_vec    000000
__Hrparam                               rparam       000000
__Hsfr                                  sfr          000000
__Hsmallconst                           smallconst   000838
__Hspace_0                              (abs)        001406
__Hspace_1                              (abs)        0000DA
__Hspace_2                              (abs)        000000
__Hspace_4                              (abs)        60000E
__Hstack                                stack        000000
__Hstruct                               struct       000000
__Htemp                                 temp         000000
__Htext                                 text         000000
__Htext0                                text0        000000
__Htext1                                text1        000000
__Htext10                               text10       000000
__Htext11                               text11       000000
__Htext12                               text12       000000
__Htext13                               text13       000000
__Htext14                               text14       000000
__Htext15                               text15       000000
__Htext16                               text16       000000
__Htext17                               text17       000000
__Htext18                               text18       000000
__Htext19                               text19       000000
__Htext2                                text2        000000
__Htext20                               text20       000000
__Htext21                               text21       000000
__Htext22                               text22       000000
__Htext23                               text23       000000
__Htext24                               text24       000000
__Htext25                               text25       000000
__Htext26                               text26       000000
__Htext3                                text3        000000
__Htext4                                text4        000000
__Htext5                                text5        000000
__Htext6                                text6        000000
__Htext7                                text7        000000
__Htext8                                text8        000000
__Htext9                                text9        000000
__LRAM                                  (abs)        000001
__L__absolute__                         __absolute__ 000000
__Labs1                                 abs1         000000
__Lbank0                                bank0        000000
__Lbank1                                bank1        000000
__Lbank2                                bank2        000000
__Lbank3                                bank3        000000
__Lbank4                                bank4        000000
__Lbank5                                bank5        000000
__Lbank6                                bank6        000000
__Lbank7                                bank7        000000
__Lbigbss                               bigbss       000000
__Lbigdata                              bigdata      000000
__Lbigram                               bigram       000000
__Lbigsfr                               bigsfr       000000
__Lbss                                  bss          000000
__LbssBANK0                             bssBANK0     000000
__LbssCOMRAM                            bssCOMRAM    000000
__Lcinit                                cinit        000000
__Lclrtext                              clrtext      000000
__Lcomram                               comram       000000
__Lconfig                               config       000000
__Lconst                                const        000000
__LcstackBANK0                          cstackBANK0  000000
__LcstackCOMRAM                         cstackCOMRAM 000000
__Ldata                                 data         000000
__LdataBANK0                            dataBANK0    000000
__Leeprom_data                          eeprom_data  000000
__Lfarbss                               farbss       000000
__Lfardata                              fardata      000000
__Lheap                                 heap         000000
__Libigdata                             ibigdata     000000
__Lidata                                idata        000000
__LidataBANK0                           idataBANK0   000000
__Lidloc                                idloc        000000
__Lifardata                             ifardata     000000
__Linit                                 init         000000
__Lintcode                              intcode      000000
__Lintcode_body                         intcode_body 000000
__Lintcodelo                            intcodelo    000000
__Lintentry                             intentry     000000
__Lintret                               intret       000000
__Lintsave_regs                         intsave_regs 000000
__Lirdata                               irdata       000000
__Lmediumconst                          mediumconst  000000
__LnvFARRAM                             nvFARRAM     000000
__Lnvbit                                nvbit        000000
__Lnvrram                               nvrram       000000
__Lparam                                rparam       000000
__Lpowerup                              powerup      000000
__Lram                                  ram          000000
__Lramtop                               ramtop       000800
__Lrbit                                 rbit         000000
__Lrbss                                 rbss         000000
__Lrdata                                rdata        000000
__Lreset_vec                            reset_vec    000000
__Lrparam                               rparam       000000
__Lsfr                                  sfr          000000
__Lsmallconst                           smallconst   000800
__Lspace_0                              (abs)        000000
__Lspace_1                              (abs)        000000
__Lspace_2                              (abs)        000000
__Lspace_4                              (abs)        000000
__Lstack                                stack        000000
__Lstruct                               struct       000000
__Ltemp                                 temp         000000
__Ltext                                 text         000000
__Ltext0                                text0        000000
__Ltext1                                text1        000000
__Ltext10                               text10       000000
__Ltext11                               text11       000000
__Ltext12                               text12       000000
__Ltext13                               text13       000000
__Ltext14                               text14       000000
__Ltext15                               text15       000000
__Ltext16                               text16       000000
__Ltext17                               text17       000000
__Ltext18                               text18       000000
__Ltext19                               text19       000000
__Ltext2                                text2        000000
__Ltext20                               text20       000000
__Ltext21                               text21       000000
__Ltext22                               text22       000000
__Ltext23                               text23       000000
__Ltext24                               text24       000000
__Ltext25                               text25       000000
__Ltext26                               text26       000000
__Ltext3                                text3        000000
__Ltext4                                text4        000000
__Ltext5                                text5        000000
__Ltext6                                text6        000000
__Ltext7                                text7        000000
__Ltext8                                text8        000000
__Ltext9                                text9        000000
__S0                                    (abs)        001406
__S1                                    (abs)        0000DA
__S4                                    (abs)        000000
__S5                                    (abs)        000000
___heap_hi                              (abs)        000000
___heap_lo                              (abs)        000000
___inthi_sp                             stack        000000
___intlo_sp                             stack        000000
___param_bank                           (abs)        000000
___rparam_used                          (abs)        000001
___sp                                   stack        000000
__accesstop                             (abs)        000060
__activetblptr                          (abs)        000002
__end_of_I2C_Ack                        text18       0013D6
__end_of_I2C_Init                       text26       00139A
__end_of_I2C_Nack                       text17       0013C2
__end_of_I2C_Read                       text15       0012D2
__end_of_I2C_Ready                      text16       0013FC
__end_of_I2C_Repeated_Start             text13       00135E
__end_of_I2C_Start                      text12       001330
__end_of_I2C_Stop                       text11       0013AE
__end_of_I2C_Write                      text14       001380
__end_of_LCD_Char                       text21       001138
__end_of_LCD_Clear                      text23       0013EA
__end_of_LCD_Command                    text24       001184
__end_of_LCD_Init                       text22       001302
__end_of_LCD_String                     text20       000FF8
__end_of_LCD_String_xy                  text19       000F20
__end_of_MSdelay                        text25       0011CE
__end_of_RTC_Read_Calendar              text10       001052
__end_of_RTC_Read_Clock                 text9        001214
__end_of__initialization                cinit        00128E
__end_of_fputc                          text7        000E92
__end_of_fputs                          text6        001258
__end_of_main                           text0        000B74
__end_of_pad                            text5        000F9A
__end_of_putch                          text8        001406
__end_of_sprintf                        text1        0010EC
__end_of_vfpfcnvrt                      text3        000CAA
__end_of_vfprintf                       text2        0010A0
__end_of_xtoa                           text4        000DC8
__initialization                        cinit        001258
__mediumconst                           mediumconst  000000
__pbssBANK0                             bssBANK0     0000A5
__pbssCOMRAM                            bssCOMRAM    000059
__pcinit                                cinit        001258
__pcstackBANK0                          cstackBANK0  000060
__pcstackCOMRAM                         cstackCOMRAM 000001
__pdataBANK0                            dataBANK0    0000D3
__pidataBANK0                           idataBANK0   0013FC
__psmallconst                           smallconst   000800
__ptext0                                text0        000838
__ptext1                                text1        0010A0
__ptext10                               text10       000FF8
__ptext11                               text11       00139A
__ptext12                               text12       001302
__ptext13                               text13       001330
__ptext14                               text14       00135E
__ptext15                               text15       001298
__ptext16                               text16       0013EA
__ptext17                               text17       0013AE
__ptext18                               text18       0013C2
__ptext19                               text19       000E92
__ptext2                                text2        001052
__ptext20                               text20       000F9A
__ptext21                               text21       0010EC
__ptext22                               text22       0012D2
__ptext23                               text23       0013D6
__ptext24                               text24       001138
__ptext25                               text25       001184
__ptext26                               text26       001380
__ptext3                                text3        000B74
__ptext4                                text4        000CAA
__ptext5                                text5        000F20
__ptext6                                text6        001214
__ptext7                                text7        000DC8
__ptext8                                text8        001404
__ptext9                                text9        0011CE
__ramtop                                ramtop       000800
__smallconst                            smallconst   000800
_dbuf                                   bssBANK0     0000B3
_flags                                  bssCOMRAM    00005D
_fputc                                  text7        000DC8
_fputs                                  text6        001214
_hour                                   bssBANK0     0000AD
_main                                   text0        000838
_min                                    bssBANK0     0000AF
_pad                                    text5        000F20
_prec                                   bssCOMRAM    00005B
_putch                                  text8        001404
_sec                                    bssBANK0     0000B1
_sprintf                                text1        0010A0
_vfpfcnvrt                              text3        000B74
_vfprintf                               text2        001052
_width                                  bssCOMRAM    000059
_xtoa                                   text4        000CAA
_xtoa$905                               cstackCOMRAM 000025
end_of_initialization                   cinit        00128E
fputc@c                                 cstackCOMRAM 000001
fputc@fp                                cstackCOMRAM 000003
fputs@c                                 cstackCOMRAM 00000E
fputs@fp                                cstackCOMRAM 00000C
fputs@i                                 cstackCOMRAM 00000F
fputs@s                                 cstackCOMRAM 00000A
intlevel0                               text         000000
intlevel1                               text         000000
intlevel2                               text         000000
intlevel3                               text         000000
isa$std                                 (abs)        000001
isa$xinst                               (abs)        000000
main@AM_PM                              cstackBANK0  0000A4
main@Clock_type                         cstackBANK0  0000A3
main@F3571                              dataBANK0    0000D3
main@date                               cstackBANK0  000067
main@days                               cstackBANK0  000060
main@hours                              cstackBANK0  000099
main@mins                               cstackBANK0  00008F
main@month                              cstackBANK0  000071
main@secs                               cstackBANK0  000085
main@year                               cstackBANK0  00007B
pad@buf                                 cstackCOMRAM 000013
pad@fp                                  cstackCOMRAM 000011
pad@i                                   cstackCOMRAM 000018
pad@p                                   cstackCOMRAM 000015
pad@w                                   cstackCOMRAM 00001A
sprintf@ap                              cstackCOMRAM 000048
sprintf@f                               cstackCOMRAM 00004A
sprintf@fmt                             cstackCOMRAM 000044
sprintf@s                               cstackCOMRAM 000042
stackhi                                 (abs)        000000
stacklo                                 (abs)        000000
start                                   init         000000
start_initialization                    cinit        001258
vfpfcnvrt@ap                            cstackCOMRAM 000030
vfpfcnvrt@convarg                       cstackCOMRAM 000034
vfpfcnvrt@cp                            cstackCOMRAM 000038
vfpfcnvrt@fmt                           cstackCOMRAM 00002E
vfpfcnvrt@fp                            cstackCOMRAM 00002C
vfprintf@ap                             cstackCOMRAM 00003E
vfprintf@cfmt                           cstackCOMRAM 000040
vfprintf@fmt                            cstackCOMRAM 00003C
vfprintf@fp                             cstackCOMRAM 00003A
xtoa@c                                  cstackCOMRAM 00002B
xtoa@d                                  cstackCOMRAM 00001E
xtoa@fp                                 cstackCOMRAM 00001C
xtoa@i                                  cstackCOMRAM 000029
xtoa@p                                  cstackCOMRAM 000027
xtoa@w                                  cstackCOMRAM 000023


MODULE INFORMATION

Module		Function		Class		Link	Load	Size
/Applications/microchip/xc8/v2.41/pic/sources/c99/common/nf_fputs.c
		_fputs         		CODE           	1214	0000	68

/Applications/microchip/xc8/v2.41/pic/sources/c99/common/nf_fputs.c estimated size: 68

i2c.c
		_I2C_Write     		CODE           	135E	0000	34
		_I2C_Stop      		CODE           	139A	0000	20
		_I2C_Read      		CODE           	1298	0000	58
		_I2C_Ready     		CODE           	13EA	0000	18
		_I2C_Init      		CODE           	1380	0000	26
		_I2C_Repeated_Start		CODE           	1330	0000	46
		_I2C_Ack       		CODE           	13C2	0000	20
		_I2C_Nack      		CODE           	13AE	0000	20
		_I2C_Start     		CODE           	1302	0000	46

i2c.c estimated size: 288

/Applications/microchip/xc8/v2.41/pic/sources/c99/common/nf_fputc.c
		_fputc         		CODE           	0DC8	0000	202

/Applications/microchip/xc8/v2.41/pic/sources/c99/common/nf_fputc.c estimated size: 202

/Applications/microchip/xc8/v2.41/pic/sources/c99/common/doprnt.c
		_vfpfcnvrt     		CODE           	0B74	0000	310
		_pad           		CODE           	0F20	0000	122
		_vfprintf      		CODE           	1052	0000	78
		_xtoa          		CODE           	0CAA	0000	286

/Applications/microchip/xc8/v2.41/pic/sources/c99/common/doprnt.c estimated size: 796

msdelay.c
		_MSdelay       		CODE           	1184	0000	74

msdelay.c estimated size: 74

shared
		__initialization		CODE           	1258	0000	54

shared estimated size: 54

/Applications/microchip/xc8/v2.41/pic/sources/c99/common/putch.c
		_putch         		CODE           	1404	0000	2

/Applications/microchip/xc8/v2.41/pic/sources/c99/common/putch.c estimated size: 2

main_piee2.c
		_main          		CODE           	0838	0000	828
		_RTC_Read_Clock		CODE           	11CE	0000	70
		_RTC_Read_Calendar		CODE           	0FF8	0000	90

main_piee2.c estimated size: 988

lcd_4b.c
		_LCD_String    		CODE           	0F9A	0000	94
		_LCD_Init      		CODE           	12D2	0000	48
		_LCD_Command   		CODE           	1138	0000	76
		_LCD_String_xy 		CODE           	0E92	0000	142
		_LCD_Char      		CODE           	10EC	0000	76
		_LCD_Clear     		CODE           	13D6	0000	20

lcd_4b.c estimated size: 456

/Applications/microchip/xc8/v2.41/pic/sources/c99/common/nf_sprintf.c
		_sprintf       		CODE           	10A0	0000	76

/Applications/microchip/xc8/v2.41/pic/sources/c99/common/nf_sprintf.c estimated size: 76

