Microchip MPLAB XC8 Compiler V2.41

Linker command line:

-W-3 \
  --edf=/Applications/microchip/mplabx/v6.15/packs/Microchip/PIC18Fxxxx_DFP/1.4.151/xc8/pic/dat/20230323171731_en.msgs \
  -cn -h+dist/default/production/piee2.X.production.sym \
  --cmf=dist/default/production/piee2.X.production.cmf -z -Q18F4550 \
  -o/tmp/xc3kdVWLJ/driver_tmp_3.o --defsym=__MPLAB_BUILD=1 \
  --fixupoverflow=error -Mdist/default/production/piee2.X.production.map \
  --md=/tmp/xc3kdVWLJ/driver_tmp_0.dat -E1 -ver=XC8 Compiler --acfsm=1493 \
  -ACODE=00h-07FFFh -ACONST=00h-07FFFh -ASMALLCONST=0800h-08FFhx120 \
  -AMEDIUMCONST=0800h-07FFFh -ACOMRAM=01h-05Fh -AABS1=00h-07FFh \
  -ABIGRAM=01h-07FFh -ARAM=060h-0FFh,0100h-01FFhx7 -ABANK0=060h-0FFh \
  -ABANK1=0100h-01FFh -ABANK2=0200h-02FFh -ABANK3=0300h-03FFh \
  -ABANK4=0400h-04FFh -ABANK5=0500h-05FFh -ABANK6=0600h-06FFh \
  -ABANK7=0700h-07FFh -ASFR=0F60h-0FFFh -ABIGSFR=0F60h-0FFFh \
  -ACONFIG=0300000h-030000Dh -AIDLOC=0200000h-0200007h \
  -AEEDATA=0F00000h-0F000FFh -peeprom_data=EEDATA \
  -preset_vec=00h,intcode,intcodelo,powerup,init -pramtop=0800h \
  -psmallconst=SMALLCONST -pmediumconst=MEDIUMCONST -pconst=CONST \
  -AFARRAM=00h-00h \
  -prdata=COMRAM,nvrram=COMRAM,nvbit=COMRAM,rbss=COMRAM,rbit=COMRAM \
  -pfarbss=FARRAM,fardata=FARRAM,nvFARRAM=FARRAM \
  -pintsave_regs=BIGRAM,bigbss=BIGRAM,bigdata=BIGRAM -pbss=RAM \
  -pidata=CODE,irdata=CODE,ibigdata=CODE,ifardata=CODE -prparam=COMRAM \
  /tmp/xc3kdVWLJ/driver_tmp_9.o \
  dist/default/production/piee2.X.production.o 

Object code version is 3.11

Machine type is 18F4550



                Name                               Link     Load   Length Selector   Space Scale
/tmp/xc3kdVWLJ/driver_tmp_9.o
                config                           300000   300000        E        0       4
                init                                  0        0        4        0       0
dist/default/production/piee2.X.production.o
                config                           300000   300000        E        0       4
                mediumconst                        7E82     7E82      17E     3F41       0
                text14                             7412     7412       4A     3A09       0
                text13                             73CE     73CE       44     39E7       0
                text12                             7602     7602       9A     3B01       0
                text11                             7ABE     7ABE      3C4     3D5F       0
                text10                             7758     7758       F4     3BAC       0
                text9                              745C     745C       4C     3A2E       0
                text8                              74A8     74A8       4C     3A54       0
                text7                              7398     7398       36     39CC       0
                text6                              7574     7574       8E     3ABA       0
                text5                              784C     784C      132     3C26       0
                text4                              74F4     74F4       80     3A7A       0
                text3                              7368     7368       30     39B4       0
                text2                              733E     733E       14     399F       0
                text1                              797E     797E      140     3CBF       0
                text0                              769C     769C       BC     3B4E       0
                cstackCOMRAM                          1        1       17        1       1
                bssCOMRAM                            18       18        F        1       1
                cinit                              7352     7352       16     39A9       0

TOTAL           Name                               Link     Load   Length     Space
        CLASS   CODE           
                init                                  0        0        4         0
                text14                             7412     7412       4A         0
                text13                             73CE     73CE       44         0
                text12                             7602     7602       9A         0
                text11                             7ABE     7ABE      3C4         0
                text10                             7758     7758       F4         0
                text9                              745C     745C       4C         0
                text8                              74A8     74A8       4C         0
                text7                              7398     7398       36         0
                text6                              7574     7574       8E         0
                text5                              784C     784C      132         0
                text4                              74F4     74F4       80         0
                text3                              7368     7368       30         0
                text2                              733E     733E       14         0
                text1                              797E     797E      140         0
                text0                              769C     769C       BC         0
                cinit                              7352     7352       16         0

        CLASS   CONST          

        CLASS   SMALLCONST     

        CLASS   MEDIUMCONST    
                mediumconst                        7E82     7E82      17E         0

        CLASS   COMRAM         
                cstackCOMRAM                          1        1       17         1
                bssCOMRAM                            18       18        F         1

        CLASS   ABS1           

        CLASS   BIGRAM         

        CLASS   RAM            

        CLASS   BANK0          

        CLASS   BANK1          

        CLASS   BANK2          

        CLASS   BANK3          

        CLASS   BANK4          

        CLASS   BANK5          

        CLASS   BANK6          

        CLASS   BANK7          

        CLASS   SFR            

        CLASS   BIGSFR         

        CLASS   CONFIG         
                config                           300000   300000        E         4

        CLASS   IDLOC          

        CLASS   EEDATA         

        CLASS   FARRAM         

        CLASS   HEAP           

        CLASS   STACK          



SEGMENTS        Name                           Load    Length   Top    Selector   Space  Class

                text9                          00745C  00004C  0074A8      3A2E       0  CODE    
                text14                         007412  00004A  00745C      3A09       0  CODE    
                reset_vec                      000000  000004  000004         0       0  CODE    
                text8                          0074A8  00004C  0074F4      3A54       0  CODE    
                text4                          0074F4  000080  007574      3A7A       0  CODE    
                text13                         0073CE  000044  007412      39E7       0  CODE    
                text7                          007398  000036  0073CE      39CC       0  CODE    
                text6                          007574  00008E  007602      3ABA       0  CODE    
                text12                         007602  00009A  00769C      3B01       0  CODE    
                text0                          00769C  0000BC  007758      3B4E       0  CODE    
                text3                          007368  000030  007398      39B4       0  CODE    
                text2                          00733E  000014  007352      399F       0  CODE    
                cinit                          007352  000016  007368      39A9       0  CODE    
                mediumconst                    007E82  00017E  008000      3F41       0  MEDIUMCO
                cstackCOMRAM                   000001  000026  000027         1       1  COMRAM  
                text1                          00797E  000140  007ABE      3CBF       0  CODE    
                text5                          00784C  000132  00797E      3C26       0  CODE    
                text10                         007758  0000F4  00784C      3BAC       0  CODE    
                text11                         007ABE  0003C4  007E82      3D5F       0  CODE    


UNUSED ADDRESS RANGES

        Name                Unused          Largest block    Delta
        BANK0            000060-0000FF               A0
        BANK1            000100-0001FF              100
        BANK2            000200-0002FF              100
        BANK3            000300-0003FF              100
        BANK4            000400-0004FF              100
        BANK5            000500-0005FF              100
        BANK6            000600-0006FF              100
        BANK7            000700-0007FF              100
        BIGRAM           000027-0007FF              7D9
        BIGSFR           000F60-000FFF               A0
        CODE             000004-00733D             733A
        COMRAM           000027-00005F               39
        CONST            000004-00733D             733A
        EEDATA           F00000-F000FF              100
        IDLOC            200000-200007                8
        MEDIUMCONST      000800-00733D             6B3E
        RAM              000060-0007FF              100
        SFR              000F60-000FFF               A0
        SMALLCONST       000800-00733D              100

                                  Symbol Table

Beep@i                                 cstackCOMRAM 000009
Beep@val                               cstackCOMRAM 000007
FSM_CheckTransitions@current_interlock cstackCOMRAM 00000A
FSM_CheckTransitions@desliga_pressed   cstackCOMRAM 000009
FSM_CheckTransitions@fsm               cstackCOMRAM 000001
FSM_CheckTransitions@liga_pressed      cstackCOMRAM 000005
FSM_ExecuteState@fsm                   cstackCOMRAM 000001
FSM_Init@fsm                           cstackCOMRAM 000001
FSM_Update@fsm                         cstackCOMRAM 000014
FSM_UpdateDisplay@display_counter      bssCOMRAM    000018
FSM_UpdateDisplay@fsm                  cstackCOMRAM 000010
LCD_Char@dat                           cstackCOMRAM 000008
LCD_Command@cmd                        cstackCOMRAM 000008
LCD_String@msg                         cstackCOMRAM 000009
LCD_String_xy@location                 cstackCOMRAM 00000F
LCD_String_xy@msg                      cstackCOMRAM 00000C
LCD_String_xy@pos                      cstackCOMRAM 00000B
LCD_String_xy@row                      cstackCOMRAM 00000E
MSdelay@i                              cstackCOMRAM 000003
MSdelay@j                              cstackCOMRAM 000005
MSdelay@val                            cstackCOMRAM 000001
Message@msg                            cstackCOMRAM 000010
_Beep                                  text13       0073CE
_FSM_CheckTransitions                  text11       007ABE
_FSM_CheckTransitions$247              cstackCOMRAM 000006
_FSM_CheckTransitions$249              cstackCOMRAM 000007
_FSM_CheckTransitions$251              cstackCOMRAM 000008
_FSM_ExecuteState                      text10       007758
_FSM_Init                              text12       007602
_FSM_Update                            text4        0074F4
_FSM_UpdateDisplay                     text5        00784C
_LATB                                  (abs)        000F8A
_LATB0                                 (abs)        007C50
_LATB1                                 (abs)        007C51
_LATD0                                 (abs)        007C60
_LATD1                                 (abs)        007C61
_LATD2                                 (abs)        007C62
_LATD3                                 (abs)        007C63
_LATD4                                 (abs)        007C64
_LATD5                                 (abs)        007C65
_LATD6                                 (abs)        007C66
_LCD_Char                              text8        0074A8
_LCD_Clear                             text2        00733E
_LCD_Command                           text9        00745C
_LCD_Init                              text3        007368
_LCD_String                            text7        007398
_LCD_String_xy                         text6        007574
_MSdelay                               text14       007412
_Message                               text1        00797E
_OSCCON                                (abs)        000FD3
_PORTC                                 (abs)        000F82
_PORTCbits                             (abs)        000F82
_TRISB                                 (abs)        000F93
_TRISC                                 (abs)        000F94
_TRISD                                 (abs)        000F95
__HRAM                                 (abs)        000000
__H__absolute__                        __absolute__ 000000
__Habs1                                abs1         000000
__Hbank0                               bank0        000000
__Hbank1                               bank1        000000
__Hbank2                               bank2        000000
__Hbank3                               bank3        000000
__Hbank4                               bank4        000000
__Hbank5                               bank5        000000
__Hbank6                               bank6        000000
__Hbank7                               bank7        000000
__Hbigbss                              bigbss       000000
__Hbigdata                             bigdata      000000
__Hbigram                              bigram       000000
__Hbigsfr                              bigsfr       000000
__Hbss                                 bss          000000
__HbssCOMRAM                           bssCOMRAM    000000
__Hcinit                               cinit        000000
__Hclrtext                             clrtext      000000
__Hcomram                              comram       000000
__Hconfig                              config       30000E
__Hconst                               const        000000
__HcstackCOMRAM                        cstackCOMRAM 000000
__Hdata                                data         000000
__Heeprom_data                         eeprom_data  000000
__Hfarbss                              farbss       000000
__Hfardata                             fardata      000000
__Hheap                                heap         000000
__Hibigdata                            ibigdata     000000
__Hidata                               idata        000000
__Hidloc                               idloc        000000
__Hifardata                            ifardata     000000
__Hinit                                init         000004
__Hintcode                             intcode      000000
__Hintcode_body                        intcode_body 000000
__Hintcodelo                           intcodelo    000000
__Hintentry                            intentry     000000
__Hintret                              intret       000000
__Hintsave_regs                        intsave_regs 000000
__Hirdata                              irdata       000000
__Hmediumconst                         mediumconst  008000
__HnvFARRAM                            nvFARRAM     000000
__Hnvbit                               nvbit        000000
__Hnvrram                              nvrram       000000
__Hparam                               rparam       000000
__Hpowerup                             powerup      000000
__Hram                                 ram          000000
__Hramtop                              ramtop       000800
__Hrbit                                rbit         000000
__Hrbss                                rbss         000000
__Hrdata                               rdata        000000
__Hreset_vec                           reset_vec    000000
__Hrparam                              rparam       000000
__Hsfr                                 sfr          000000
__Hsmallconst                          smallconst   000000
__Hspace_0                             (abs)        008000
__Hspace_1                             (abs)        000027
__Hspace_2                             (abs)        000000
__Hspace_4                             (abs)        60000E
__Hstack                               stack        000000
__Hstruct                              struct       000000
__Htemp                                temp         000000
__Htext                                text         000000
__Htext0                               text0        000000
__Htext1                               text1        000000
__Htext10                              text10       000000
__Htext11                              text11       000000
__Htext12                              text12       000000
__Htext13                              text13       000000
__Htext14                              text14       000000
__Htext2                               text2        000000
__Htext3                               text3        000000
__Htext4                               text4        000000
__Htext5                               text5        000000
__Htext6                               text6        000000
__Htext7                               text7        000000
__Htext8                               text8        000000
__Htext9                               text9        000000
__LRAM                                 (abs)        000001
__L__absolute__                        __absolute__ 000000
__Labs1                                abs1         000000
__Lbank0                               bank0        000000
__Lbank1                               bank1        000000
__Lbank2                               bank2        000000
__Lbank3                               bank3        000000
__Lbank4                               bank4        000000
__Lbank5                               bank5        000000
__Lbank6                               bank6        000000
__Lbank7                               bank7        000000
__Lbigbss                              bigbss       000000
__Lbigdata                             bigdata      000000
__Lbigram                              bigram       000000
__Lbigsfr                              bigsfr       000000
__Lbss                                 bss          000000
__LbssCOMRAM                           bssCOMRAM    000000
__Lcinit                               cinit        000000
__Lclrtext                             clrtext      000000
__Lcomram                              comram       000000
__Lconfig                              config       000000
__Lconst                               const        000000
__LcstackCOMRAM                        cstackCOMRAM 000000
__Ldata                                data         000000
__Leeprom_data                         eeprom_data  000000
__Lfarbss                              farbss       000000
__Lfardata                             fardata      000000
__Lheap                                heap         000000
__Libigdata                            ibigdata     000000
__Lidata                               idata        000000
__Lidloc                               idloc        000000
__Lifardata                            ifardata     000000
__Linit                                init         000000
__Lintcode                             intcode      000000
__Lintcode_body                        intcode_body 000000
__Lintcodelo                           intcodelo    000000
__Lintentry                            intentry     000000
__Lintret                              intret       000000
__Lintsave_regs                        intsave_regs 000000
__Lirdata                              irdata       000000
__Lmediumconst                         mediumconst  007E82
__LnvFARRAM                            nvFARRAM     000000
__Lnvbit                               nvbit        000000
__Lnvrram                              nvrram       000000
__Lparam                               rparam       000000
__Lpowerup                             powerup      000000
__Lram                                 ram          000000
__Lramtop                              ramtop       000800
__Lrbit                                rbit         000000
__Lrbss                                rbss         000000
__Lrdata                               rdata        000000
__Lreset_vec                           reset_vec    000000
__Lrparam                              rparam       000000
__Lsfr                                 sfr          000000
__Lsmallconst                          smallconst   000000
__Lspace_0                             (abs)        000000
__Lspace_1                             (abs)        000000
__Lspace_2                             (abs)        000000
__Lspace_4                             (abs)        000000
__Lstack                               stack        000000
__Lstruct                              struct       000000
__Ltemp                                temp         000000
__Ltext                                text         000000
__Ltext0                               text0        000000
__Ltext1                               text1        000000
__Ltext10                              text10       000000
__Ltext11                              text11       000000
__Ltext12                              text12       000000
__Ltext13                              text13       000000
__Ltext14                              text14       000000
__Ltext2                               text2        000000
__Ltext3                               text3        000000
__Ltext4                               text4        000000
__Ltext5                               text5        000000
__Ltext6                               text6        000000
__Ltext7                               text7        000000
__Ltext8                               text8        000000
__Ltext9                               text9        000000
__S0                                   (abs)        008000
__S1                                   (abs)        000027
__S4                                   (abs)        000000
__S5                                   (abs)        000000
___heap_hi                             (abs)        000000
___heap_lo                             (abs)        000000
___inthi_sp                            stack        000000
___intlo_sp                            stack        000000
___param_bank                          (abs)        000000
___rparam_used                         (abs)        000001
___sp                                  stack        000000
__accesstop                            (abs)        000060
__activetblptr                         (abs)        000002
__end_of_Beep                          text13       007412
__end_of_FSM_CheckTransitions          text11       007E82
__end_of_FSM_ExecuteState              text10       00784C
__end_of_FSM_Init                      text12       00769C
__end_of_FSM_Update                    text4        007574
__end_of_FSM_UpdateDisplay             text5        00797E
__end_of_LCD_Char                      text8        0074F4
__end_of_LCD_Clear                     text2        007352
__end_of_LCD_Command                   text9        0074A8
__end_of_LCD_Init                      text3        007398
__end_of_LCD_String                    text7        0073CE
__end_of_LCD_String_xy                 text6        007602
__end_of_MSdelay                       text14       00745C
__end_of_Message                       text1        007ABE
__end_of__initialization               cinit        00735E
__end_of_main                          text0        007758
__initialization                       cinit        007352
__mediumconst                          mediumconst  007E82
__pbssCOMRAM                           bssCOMRAM    000018
__pcinit                               cinit        007352
__pcstackCOMRAM                        cstackCOMRAM 000001
__pmediumconst                         mediumconst  007E82
__ptext0                               text0        00769C
__ptext1                               text1        00797E
__ptext10                              text10       007758
__ptext11                              text11       007ABE
__ptext12                              text12       007602
__ptext13                              text13       0073CE
__ptext14                              text14       007412
__ptext2                               text2        00733E
__ptext3                               text3        007368
__ptext4                               text4        0074F4
__ptext5                               text5        00784C
__ptext6                               text6        007574
__ptext7                               text7        007398
__ptext8                               text8        0074A8
__ptext9                               text9        00745C
__ramtop                               ramtop       000800
__smallconst                           smallconst   000000
_main                                  text0        00769C
_system_fsm                            bssCOMRAM    00001A
end_of_initialization                  cinit        00735E
intlevel0                              text         000000
intlevel1                              text         000000
intlevel2                              text         000000
intlevel3                              text         000000
isa$std                                (abs)        000001
isa$xinst                              (abs)        000000
stackhi                                (abs)        000000
stacklo                                (abs)        000000
start                                  init         000000
start_initialization                   cinit        007352


MODULE INFORMATION

Module		Function		Class		Link	Load	Size
shared
		__initialization		CODE           	7352	0000	12

shared estimated size: 12

main_piee2.c
		_LCD_String    		CODE           	7398	0000	54
		_FSM_Update    		CODE           	74F4	0000	128
		_LCD_Init      		CODE           	7368	0000	48
		_LCD_Command   		CODE           	745C	0000	76
		_LCD_String_xy 		CODE           	7574	0000	142
		_FSM_CheckTransitions		CODE           	7ABE	0000	964
		_main          		CODE           	769C	0000	188
		_FSM_UpdateDisplay		CODE           	784C	0000	306
		_LCD_Char      		CODE           	74A8	0000	76
		_Message       		CODE           	797E	0000	320
		_LCD_Clear     		CODE           	733E	0000	20
		_FSM_Init      		CODE           	7602	0000	154
		_FSM_ExecuteState		CODE           	7758	0000	244
		_MSdelay       		CODE           	7412	0000	74
		_Beep          		CODE           	73CE	0000	68

main_piee2.c estimated size: 2862

